1 2 3 4 5 6 7 8 9 10 5
3 2 3 5
3 1 3 5
3 1 2 5
6 5 6 7 8 9 10
7 4 5 6 7 8 9 10
6 4 5 7 8 9 10
6 4 5 6 8 9 10
6 4 5 6 7 9 10
6 4 5 6 7 8 10
8 4 5 6 7 8 9 1 2
3 1 2 3
